Loading composer repositories with package information
Updating dependencies
Your requirements could not be resolved to an installable set of packages.

  Problem 1
    - Root composer.json requires phpunit/phpunit ^7.5, found phpunit/phpunit[7.5.0, ..., 7.5.20] but these were not loaded, because they are affected by security advisories ("PKSA-z3gr-8qht-p93v"). Go to https://packagist.org/security-advisories/ to find advisory details. To ignore the advisories, add them to the audit "ignore" config. To turn the feature off entirely, you can set "block-insecure" to false in your "audit" config.
  Problem 2
    - Root composer.json requires laravel/framework 5.8.* -> satisfiable by laravel/framework[5.8.x-dev].
    - laravel/framework 5.8.x-dev requires php ^7.1.3 -> your php version (8.5.2) does not satisfy that requirement.
  Problem 3
    - Root composer.json requires beyondcode/laravel-dump-server ^1.0 -> satisfiable by beyondcode/laravel-dump-server[1.0.0, ..., 1.9.0].
    - Root composer.json requires laravel/tinker ^1.0 -> satisfiable by laravel/tinker[v1.0.0, ..., 1.x-dev].
    - Root composer.json requires tymon/jwt-auth ^1.0 -> satisfiable by tymon/jwt-auth[1.0.0-alpha1, ..., 1.0.x-dev (alias of dev-develop)].
    - illuminate/console[v5.1.1, ..., 5.1.x-dev] require nesbot/carbon ~1.19 -> found nesbot/carbon[1.19.0, ..., 1.39.1] but these were not loaded, because they are affected by security advisories ("PKSA-csyb-yc4p-mnbs"). Go to https://packagist.org/security-advisories/ to find advisory details. To ignore the advisories, add them to the audit "ignore" config. To turn the feature off entirely, you can set "block-insecure" to false in your "audit" config.
    - illuminate/console[v5.2.0, ..., 5.4.x-dev] require nesbot/carbon ~1.20 -> found nesbot/carbon[1.20.0, ..., 1.39.1] but these were not loaded, because they are affected by security advisories ("PKSA-csyb-yc4p-mnbs"). Go to https://packagist.org/security-advisories/ to find advisory details. To ignore the advisories, add them to the audit "ignore" config. To turn the feature off entirely, you can set "block-insecure" to false in your "audit" config.
    - illuminate/session[v5.2.0, ..., 5.4.x-dev] require nesbot/carbon ~1.20 -> found nesbot/carbon[1.20.0, ..., 1.39.1] but these were not loaded, because they are affected by security advisories ("PKSA-csyb-yc4p-mnbs"). Go to https://packagist.org/security-advisories/ to find advisory details. To ignore the advisories, add them to the audit "ignore" config. To turn the feature off entirely, you can set "block-insecure" to false in your "audit" config.
    - illuminate/console[v5.5.0, ..., 5.5.x-dev] require illuminate/support 5.5.* -> satisfiable by illuminate/support[v5.5.0, ..., 5.5.x-dev].
    - illuminate/http[v5.5.0, ..., 5.5.x-dev] require illuminate/support 5.5.* -> satisfiable by illuminate/support[v5.5.0, ..., 5.5.x-dev].
    - illuminate/console[v5.6.0, ..., 5.8.x-dev] require php ^7.1.3 -> your php version (8.5.2) does not satisfy that requirement.
    - illuminate/http[v5.6.0, ..., 5.8.x-dev] require php ^7.1.3 -> your php version (8.5.2) does not satisfy that requirement.
    - laravel/framework 5.8.x-dev require php ^7.1.3 -> your php version (8.5.2) does not satisfy that requirement.
    - symfony/error-handler[v4.4.4, ..., v4.4.8] require php ^7.1.3 -> your php version (8.5.2) does not satisfy that requirement.
    - symfony/http-kernel 4.3.x-dev require php ^7.1.3 -> your php version (8.5.2) does not satisfy that requirement.
    - symfony/var-dumper[v4.4.0-BETA1, ..., v4.4.8] require php ^7.1.3 -> your php version (8.5.2) does not satisfy that requirement.
    - illuminate/console[v6.0.0, ..., v6.19.1] require php ^7.2 -> your php version (8.5.2) does not satisfy that requirement.
    - illuminate/http[v6.0.0, ..., v6.19.1] require php ^7.2 -> your php version (8.5.2) does not satisfy that requirement.
    - illuminate/support[v6.0.0, ..., v6.19.1] require php ^7.2 -> your php version (8.5.2) does not satisfy that requirement.
    - illuminate/console[v6.20.0, ..., 6.x-dev] require illuminate/support ^6.0 -> satisfiable by illuminate/support[v6.0.0, ..., 6.x-dev].
    - illuminate/http[v5.2.0, ..., 5.2.x-dev] require illuminate/session 5.2.* -> satisfiable by illuminate/session[v5.2.0, ..., 5.2.x-dev].
    - illuminate/http[v5.3.0, ..., 5.3.x-dev] require illuminate/session 5.3.* -> satisfiable by illuminate/session[v5.3.0, ..., 5.3.x-dev].
    - illuminate/http[v5.4.0, ..., 5.4.x-dev] require illuminate/session 5.4.* -> satisfiable by illuminate/session[v5.4.0, ..., 5.4.x-dev].
    - illuminate/http[v6.20.0, ..., 6.x-dev] require symfony/http-kernel ^4.3.4 -> satisfiable by symfony/http-kernel[4.3.x-dev, v4.4.50, v4.4.51, 4.4.x-dev].
    - illuminate/http[v7.0.0, ..., v7.28.4] require php ^7.2.5 -> your php version (8.5.2) does not satisfy that requirement.
    - illuminate/support[v7.0.0, ..., v7.28.4] require php ^7.2.5 -> your php version (8.5.2) does not satisfy that requirement.
    - symfony/var-dumper[v5.0.0, ..., v5.1.0-RC1] require php ^7.2.5 -> your php version (8.5.2) does not satisfy that requirement.
    - illuminate/http[v7.29.0, ..., 7.x-dev] require illuminate/support ^7.0 -> satisfiable by illuminate/support[v7.0.0, ..., 7.x-dev].
    - illuminate/http[v8.0.0, ..., v8.11.2] require php ^7.3 -> your php version (8.5.2) does not satisfy that requirement.
    - illuminate/support[v8.0.0, ..., v8.11.2] require php ^7.3 -> your php version (8.5.2) does not satisfy that requirement.
    - illuminate/http[v8.12.0, ..., 8.x-dev] require illuminate/support ^8.0 -> satisfiable by illuminate/support[v8.0.0, ..., 8.x-dev].
    - illuminate/http[v9.0.0-beta.1, ..., 9.x-dev] require illuminate/support ^9.0 -> satisfiable by illuminate/support[v9.0.0-beta.1, ..., 9.x-dev].
    - illuminate/support[v5.5.0, ..., v5.5.39] require nesbot/carbon ^1.20 -> found nesbot/carbon[1.20.0, ..., 1.39.1] but these were not loaded, because they are affected by security advisories ("PKSA-csyb-yc4p-mnbs"). Go to https://packagist.org/security-advisories/ to find advisory details. To ignore the advisories, add them to the audit "ignore" config. To turn the feature off entirely, you can set "block-insecure" to false in your "audit" config.
    - illuminate/support[v5.5.40, ..., v5.5.44] require nesbot/carbon ^1.24.1 -> found nesbot/carbon[1.24.1, ..., 1.39.1] but these were not loaded, because they are affected by security advisories ("PKSA-csyb-yc4p-mnbs"). Go to https://packagist.org/security-advisories/ to find advisory details. To ignore the advisories, add them to the audit "ignore" config. To turn the feature off entirely, you can set "block-insecure" to false in your "audit" config.
    - illuminate/support 5.5.x-dev requires nesbot/carbon ^1.26.0 -> found nesbot/carbon[1.26.0, ..., 1.39.1] but these were not loaded, because they are affected by security advisories ("PKSA-csyb-yc4p-mnbs"). Go to https://packagist.org/security-advisories/ to find advisory details. To ignore the advisories, add them to the audit "ignore" config. To turn the feature off entirely, you can set "block-insecure" to false in your "audit" config.
    - laravel/tinker[v1.0.9, ..., 1.x-dev] require illuminate/console ~5.1|^6.0 -> satisfiable by laravel/framework[5.8.x-dev], illuminate/console[v5.1.1, ..., 5.8.x-dev, v6.0.0, ..., 6.x-dev].
    - laravel/tinker[v1.0.0, ..., v1.0.8] require illuminate/console ~5.1 -> satisfiable by laravel/framework[5.8.x-dev], illuminate/console[v5.1.1, ..., 5.8.x-dev].
    - symfony/error-handler[v4.4.9, ..., 4.4.x-dev] require symfony/var-dumper ^4.4|^5.0 -> satisfiable by symfony/var-dumper[v4.4.0-BETA1, ..., 4.4.x-dev, v5.0.0-BETA1, ..., 5.4.x-dev].
    - symfony/http-kernel[v4.4.50, ..., 4.4.x-dev] require symfony/error-handler ^4.4 -> satisfiable by symfony/error-handler[v4.4.4, ..., 4.4.x-dev].
    - symfony/var-dumper[v5.0.0-BETA1, ..., v5.0.0-RC1] require php ^7.2.9 -> your php version (8.5.2) does not satisfy that requirement.
    - tymon/jwt-auth[1.0.0-alpha.2, ..., 1.0.0-rc.4.1] require php ^5.5.9 || ^7.0 -> your php version (8.5.2) does not satisfy that requirement.
    - tymon/jwt-auth[1.0.0-rc.5, ..., 1.0.2] require php ^5.5.9|^7.0 -> your php version (8.5.2) does not satisfy that requirement.
    - tymon/jwt-auth 1.0.0-alpha1 requires nesbot/carbon ^1.0 -> found nesbot/carbon[1.0.0, ..., 1.39.1] but these were not loaded, because they are affected by security advisories ("PKSA-csyb-yc4p-mnbs"). Go to https://packagist.org/security-advisories/ to find advisory details. To ignore the advisories, add them to the audit "ignore" config. To turn the feature off entirely, you can set "block-insecure" to false in your "audit" config.
    - tymon/jwt-auth dev-develop requires illuminate/http ^5.2|^6|^7|^8|^9 -> satisfiable by laravel/framework[5.8.x-dev], illuminate/http[v5.2.0, ..., 5.8.x-dev, v6.0.0, ..., 6.x-dev, v7.0.0, ..., 7.x-dev, v8.0.0, ..., 8.x-dev, v9.0.0-beta.1, ..., 9.x-dev].
    - Conclusion: don't install symfony/var-dumper v4.4.26 (conflict analysis result)
    - Conclusion: don't install symfony/var-dumper v4.4.47 (conflict analysis result)
    - Conclusion: don't install symfony/var-dumper v5.3.3 (conflict analysis result)
    - Conclusion: don't install symfony/var-dumper v5.4.23 (conflict analysis result)
    - Conclusion: don't install symfony/var-dumper v5.4.48 (conflict analysis result)
    - Only one of these can be installed: illuminate/support[v5.1.1, ..., 5.8.x-dev, v6.0.0, ..., 6.x-dev, v7.0.0, ..., 7.x-dev, v8.0.0, ..., 8.x-dev, v9.0.0-beta.1, ..., 9.x-dev, v10.0.0, ..., 10.x-dev], laravel/framework[5.8.x-dev]. laravel/framework replaces illuminate/support and thus cannot coexist with it.
    - tymon/jwt-auth 1.0.x-dev is an alias of tymon/jwt-auth dev-develop and thus requires it to be installed too.

Use the option --with-all-dependencies (-W) to allow upgrades, downgrades and removals for packages currently locked to specific versions.
